Optimizing Linkage Editor (V.10.02.00.000)        28-Oct-2016 15:24:21

*** Options ***

-subcommand=C:\WorkSpace\yayya\yayya\Debug\yayya.hlk
-noprelink
-rom=D=R,D_1=R_1,D_2=R_2
-nomessage
-vect=_undefined_interrupt_source_isr
-list="C:\WorkSpace\yayya\yayya\Debug\yayya.map"
-nooptimize
-start=SI,SU,B_1,R_1,B_2,R_2,B,R/00,C_1,C_2,C,C$*,L*,D*,P,W*/0FFF80000,FIXEDVECT/0FFFFFF90
-nologo
-input="C:\WorkSpace\yayya\yayya\Debug\customADC.obj"
-input="C:\WorkSpace\yayya\yayya\Debug\dbsct.obj"
-input="C:\WorkSpace\yayya\yayya\Debug\flash_options.obj"
-input="C:\WorkSpace\yayya\yayya\Debug\font_8x8.obj"
-input="C:\WorkSpace\yayya\yayya\Debug\glyph.obj"
-input="C:\WorkSpace\yayya\yayya\Debug\hwsetup.obj"
-input="C:\WorkSpace\yayya\yayya\Debug\lcd.obj"
-input="C:\WorkSpace\yayya\yayya\Debug\lowlvl.obj"
-input="C:\WorkSpace\yayya\yayya\Debug\lowsrc.obj"
-input="C:\WorkSpace\yayya\yayya\Debug\main.obj"
-input="C:\WorkSpace\yayya\yayya\Debug\r_glyph.obj"
-input="C:\WorkSpace\yayya\yayya\Debug\r_glyph_register.obj"
-input="C:\WorkSpace\yayya\yayya\Debug\r_rspi_rx600.obj"
-input="C:\WorkSpace\yayya\yayya\Debug\r_switches.obj"
-input="C:\WorkSpace\yayya\yayya\Debug\resetprg.obj"
-input="C:\WorkSpace\yayya\yayya\Debug\sbrk.obj"
-input="C:\WorkSpace\yayya\yayya\Debug\st7579_lcd.obj"
-input="C:\WorkSpace\yayya\yayya\Debug\vecttbl.obj"
-library="C:\WorkSpace\yayya\yayya\Debug\yayya.lib"
-output="C:\WorkSpace\yayya\yayya\Debug\yayya.abs"
-end

*** Error information ***

*** Mapping List ***

SECTION                            START      END         SIZE   ALIGN

SI
                                  00000000  000003ff       400   4
SU
                                  00000400  000013ff      1000   4
B_1
                                  00001400  00001427        28   1
R_1
                                  00001428  0000147b        54   1
B_2
                                  0000147c  0000147c         0   2
R_2
                                  0000147c  0000147c         0   2
B
                                  0000147c  000018d3       458   4
R
                                  000018d4  00001f4b       678   4
$ADDR_C_FF7FFFE8
                                  ff7fffe8  ff7fffff        18   1
C_1
                                  fff80000  fff80ad1       ad2   1
C_2
                                  fff80ad2  fff80cd3       202   2
C
                                  fff80cd4  fff80d8b        b8   4
C$DSEC
                                  fff80d8c  fff80daf        24   4
C$BSEC
                                  fff80db0  fff80dc7        18   4
C$VECT
                                  fff80dc8  fff811c7       400   4
L
                                  fff811c8  fff812dc       115   4
D
                                  fff812e0  fff81957       678   4
D_2
                                  fff81958  fff81958         0   2
D_1
                                  fff81958  fff819ab        54   1
P
                                  fff819ac  fff853cf      3a24   1
W_1
                                  fff853d0  fff853d0         0   1
W_2
                                  fff853d0  fff854a1        d2   2
W
                                  fff854a4  fff854a4         0   4
$ADDR_C_FFFFFF80
                                  ffffff80  ffffff8f        10   1
FIXEDVECT
                                  ffffff90  ffffffff        70   4
